// Jest Snapshot v1, https://goo.gl/fbAQLP

exports[`<Searchable /> rendering renders without crashing 1`] = `ShallowWrapper {}`;
